# classifier version 2
# The decision for every corpus row. Regenerate with -update.
# want key class rule result
secret	ADMIN_PASSWORD	veiled	name-secret	held
secret	ADMIN_PASSWORD	veiled	name-secret	held
secret	ADMIN_PASSWORD	veiled	name-secret	held
secret	ADMIN_PASSWORD	veiled	name-secret	held
secret	ADMIN_PASSWORD	veiled	name-secret	held
secret	KEYCLOAK_ADMIN_PASSWORD	veiled	name-secret	held
secret	KEYCLOAK_ADMIN_PASSWORD	veiled	name-secret	held
secret	KEYCLOAK_ADMIN_PASSWORD	veiled	name-secret	held
secret	KEYCLOAK_ADMIN_PASSWORD	veiled	name-secret	held
secret	KEYCLOAK_ADMIN_PASSWORD	veiled	name-secret	held
secret	GRAFANA_ADMIN_PASSWORD	veiled	name-secret	held
secret	GRAFANA_ADMIN_PASSWORD	veiled	name-secret	held
secret	GRAFANA_ADMIN_PASSWORD	veiled	name-secret	held
secret	GRAFANA_ADMIN_PASSWORD	veiled	name-secret	held
secret	GRAFANA_ADMIN_PASSWORD	veiled	name-secret	held
secret	WINDOWS_PASSWORD	veiled	name-secret	held
secret	WINDOWS_PASSWORD	veiled	name-secret	held
secret	WINDOWS_PASSWORD	veiled	name-secret	held
secret	WINDOWS_PASSWORD	veiled	name-secret	held
secret	WINDOWS_PASSWORD	veiled	name-secret	held
secret	MAX_PASSWORD	veiled	name-secret	held
secret	MAX_PASSWORD	veiled	name-secret	held
secret	MAX_PASSWORD	veiled	name-secret	held
secret	MAX_PASSWORD	veiled	name-secret	held
secret	MAX_PASSWORD	veiled	name-secret	held
secret	MIN_PASSWORD	veiled	name-secret	held
secret	MIN_PASSWORD	veiled	name-secret	held
secret	MIN_PASSWORD	veiled	name-secret	held
secret	MIN_PASSWORD	veiled	name-secret	held
secret	MIN_PASSWORD	veiled	name-secret	held
secret	DB_PASSWORD	veiled	name-secret	held
secret	DB_PASSWORD	veiled	name-secret	held
secret	DB_PASSWORD	veiled	name-secret	held
secret	DB_PASSWORD	veiled	name-secret	held
secret	DB_PASSWORD	veiled	name-secret	held
secret	POSTGRES_PASSWORD	veiled	name-secret	held
secret	POSTGRES_PASSWORD	veiled	name-secret	held
secret	POSTGRES_PASSWORD	veiled	name-secret	held
secret	POSTGRES_PASSWORD	veiled	name-secret	held
secret	POSTGRES_PASSWORD	veiled	name-secret	held
secret	MYSQL_ROOT_PASSWORD	veiled	name-secret	held
secret	MYSQL_ROOT_PASSWORD	veiled	name-secret	held
secret	MYSQL_ROOT_PASSWORD	veiled	name-secret	held
secret	MYSQL_ROOT_PASSWORD	veiled	name-secret	held
secret	MYSQL_ROOT_PASSWORD	veiled	name-secret	held
secret	REDIS_PASSWORD	veiled	name-secret	held
secret	REDIS_PASSWORD	veiled	name-secret	held
secret	REDIS_PASSWORD	veiled	name-secret	held
secret	REDIS_PASSWORD	veiled	name-secret	held
secret	REDIS_PASSWORD	veiled	name-secret	held
secret	MONGO_INITDB_ROOT_PASSWORD	veiled	name-secret	held
secret	MONGO_INITDB_ROOT_PASSWORD	veiled	name-secret	held
secret	MONGO_INITDB_ROOT_PASSWORD	veiled	name-secret	held
secret	MONGO_INITDB_ROOT_PASSWORD	veiled	name-secret	held
secret	MONGO_INITDB_ROOT_PASSWORD	veiled	name-secret	held
secret	SUDO_PASSWORD	veiled	name-secret	held
secret	SUDO_PASSWORD	veiled	name-secret	held
secret	SUDO_PASSWORD	veiled	name-secret	held
secret	SUDO_PASSWORD	veiled	name-secret	held
secret	SUDO_PASSWORD	veiled	name-secret	held
secret	VNC_PASSWORD	veiled	name-secret	held
secret	VNC_PASSWORD	veiled	name-secret	held
secret	VNC_PASSWORD	veiled	name-secret	held
secret	VNC_PASSWORD	veiled	name-secret	held
secret	VNC_PASSWORD	veiled	name-secret	held
secret	ROOT_PASSWORD	veiled	name-secret	held
secret	ROOT_PASSWORD	veiled	name-secret	held
secret	ROOT_PASSWORD	veiled	name-secret	held
secret	ROOT_PASSWORD	veiled	name-secret	held
secret	ROOT_PASSWORD	veiled	name-secret	held
secret	SMTP_PASSWORD	veiled	name-secret	held
secret	SMTP_PASSWORD	veiled	name-secret	held
secret	SMTP_PASSWORD	veiled	name-secret	held
secret	SMTP_PASSWORD	veiled	name-secret	held
secret	SMTP_PASSWORD	veiled	name-secret	held
secret	LDAP_BIND_PASSWORD	veiled	name-secret	held
secret	LDAP_BIND_PASSWORD	veiled	name-secret	held
secret	LDAP_BIND_PASSWORD	veiled	name-secret	held
secret	LDAP_BIND_PASSWORD	veiled	name-secret	held
secret	LDAP_BIND_PASSWORD	veiled	name-secret	held
secret	SMTP_PASS	veiled	name-secret	held
secret	SMTP_PASS	veiled	name-secret	held
secret	SMTP_PASS	veiled	name-secret	held
secret	SMTP_PASS	veiled	name-secret	held
secret	SMTP_PASS	veiled	name-secret	held
secret	DB_PASS	veiled	name-secret	held
secret	DB_PASS	veiled	name-secret	held
secret	DB_PASS	veiled	name-secret	held
secret	DB_PASS	veiled	name-secret	held
secret	DB_PASS	veiled	name-secret	held
secret	MYSQL_PASS	veiled	name-secret	held
secret	MYSQL_PASS	veiled	name-secret	held
secret	MYSQL_PASS	veiled	name-secret	held
secret	MYSQL_PASS	veiled	name-secret	held
secret	MYSQL_PASS	veiled	name-secret	held
secret	POSTGRES_PASS	veiled	name-secret	held
secret	POSTGRES_PASS	veiled	name-secret	held
secret	POSTGRES_PASS	veiled	name-secret	held
secret	POSTGRES_PASS	veiled	name-secret	held
secret	POSTGRES_PASS	veiled	name-secret	held
secret	REDIS_PASS	veiled	name-secret	held
secret	REDIS_PASS	veiled	name-secret	held
secret	REDIS_PASS	veiled	name-secret	held
secret	REDIS_PASS	veiled	name-secret	held
secret	REDIS_PASS	veiled	name-secret	held
secret	MONGO_PASS	veiled	name-secret	held
secret	MONGO_PASS	veiled	name-secret	held
secret	MONGO_PASS	veiled	name-secret	held
secret	MONGO_PASS	veiled	name-secret	held
secret	MONGO_PASS	veiled	name-secret	held
secret	FTP_PASS	veiled	name-secret	held
secret	FTP_PASS	veiled	name-secret	held
secret	FTP_PASS	veiled	name-secret	held
secret	FTP_PASS	veiled	name-secret	held
secret	FTP_PASS	veiled	name-secret	held
secret	KEYSTORE_PASS	veiled	name-secret	held
secret	KEYSTORE_PASS	veiled	name-secret	held
secret	KEYSTORE_PASS	veiled	name-secret	held
secret	KEYSTORE_PASS	veiled	name-secret	held
secret	KEYSTORE_PASS	veiled	name-secret	held
secret	TRUSTSTORE_PASS	veiled	name-secret	held
secret	TRUSTSTORE_PASS	veiled	name-secret	held
secret	TRUSTSTORE_PASS	veiled	name-secret	held
secret	TRUSTSTORE_PASS	veiled	name-secret	held
secret	TRUSTSTORE_PASS	veiled	name-secret	held
secret	PROXY_PASS	veiled	name-secret	held
secret	PROXY_PASS	veiled	name-secret	held
secret	PROXY_PASS	veiled	name-secret	held
secret	PROXY_PASS	veiled	name-secret	held
secret	PROXY_PASS	veiled	name-secret	held
secret	BASIC_AUTH_PASS	veiled	name-secret	held
secret	BASIC_AUTH_PASS	veiled	name-secret	held
secret	BASIC_AUTH_PASS	veiled	name-secret	held
secret	BASIC_AUTH_PASS	veiled	name-secret	held
secret	BASIC_AUTH_PASS	veiled	name-secret	held
secret	RABBITMQ_DEFAULT_PASS	veiled	name-secret	held
secret	RABBITMQ_DEFAULT_PASS	veiled	name-secret	held
secret	RABBITMQ_DEFAULT_PASS	veiled	name-secret	held
secret	RABBITMQ_DEFAULT_PASS	veiled	name-secret	held
secret	RABBITMQ_DEFAULT_PASS	veiled	name-secret	held
secret	ALGOLIA_ADMIN_KEY	veiled	name-secret	held
secret	ALGOLIA_ADMIN_KEY	veiled	name-secret	held
secret	ALGOLIA_ADMIN_KEY	veiled	name-secret	held
secret	ALGOLIA_ADMIN_KEY	veiled	name-secret	held
secret	ALGOLIA_ADMIN_KEY	veiled	name-secret	held
secret	GCP_SERVICE_ACCOUNT_KEY	veiled	name-secret	held
secret	GCP_SERVICE_ACCOUNT_KEY	veiled	name-secret	held
secret	GCP_SERVICE_ACCOUNT_KEY	veiled	name-secret	held
secret	GCP_SERVICE_ACCOUNT_KEY	veiled	name-secret	held
secret	GCP_SERVICE_ACCOUNT_KEY	veiled	name-secret	held
secret	AZURE_STORAGE_ACCOUNT_KEY	veiled	name-secret	held
secret	AZURE_STORAGE_ACCOUNT_KEY	veiled	name-secret	held
secret	AZURE_STORAGE_ACCOUNT_KEY	veiled	name-secret	held
secret	AZURE_STORAGE_ACCOUNT_KEY	veiled	name-secret	held
secret	AZURE_STORAGE_ACCOUNT_KEY	veiled	name-secret	held
secret	AWS_SECRET_ACCESS_KEY	veiled	name-secret	held
secret	AWS_SECRET_ACCESS_KEY	veiled	name-secret	held
secret	AWS_SECRET_ACCESS_KEY	veiled	name-secret	held
secret	AWS_SECRET_ACCESS_KEY	veiled	name-secret	held
secret	AWS_SECRET_ACCESS_KEY	veiled	name-secret	held
secret	STRIPE_SECRET_KEY	veiled	name-secret	held
secret	STRIPE_SECRET_KEY	veiled	name-secret	held
secret	STRIPE_SECRET_KEY	veiled	name-secret	held
secret	STRIPE_SECRET_KEY	veiled	name-secret	held
secret	STRIPE_SECRET_KEY	veiled	name-secret	held
secret	SENDGRID_API_KEY	veiled	name-secret	held
secret	SENDGRID_API_KEY	veiled	name-secret	held
secret	SENDGRID_API_KEY	veiled	name-secret	held
secret	SENDGRID_API_KEY	veiled	name-secret	held
secret	SENDGRID_API_KEY	veiled	name-secret	held
secret	MAILGUN_API_KEY	veiled	name-secret	held
secret	MAILGUN_API_KEY	veiled	name-secret	held
secret	MAILGUN_API_KEY	veiled	name-secret	held
secret	MAILGUN_API_KEY	veiled	name-secret	held
secret	MAILGUN_API_KEY	veiled	name-secret	held
secret	DEEPGRAM_API_KEY	veiled	name-secret	held
secret	DEEPGRAM_API_KEY	veiled	name-secret	held
secret	DEEPGRAM_API_KEY	veiled	name-secret	held
secret	DEEPGRAM_API_KEY	veiled	name-secret	held
secret	DEEPGRAM_API_KEY	veiled	name-secret	held
secret	ENCRYPTION_KEY	veiled	name-secret	held
secret	ENCRYPTION_KEY	veiled	name-secret	held
secret	ENCRYPTION_KEY	veiled	name-secret	held
secret	ENCRYPTION_KEY	veiled	name-secret	held
secret	ENCRYPTION_KEY	veiled	name-secret	held
secret	MASTER_KEY	veiled	name-secret	held
secret	MASTER_KEY	veiled	name-secret	held
secret	MASTER_KEY	veiled	name-secret	held
secret	MASTER_KEY	veiled	name-secret	held
secret	MASTER_KEY	veiled	name-secret	held
secret	SIGNING_KEY	veiled	name-secret	held
secret	SIGNING_KEY	veiled	name-secret	held
secret	SIGNING_KEY	veiled	name-secret	held
secret	SIGNING_KEY	veiled	name-secret	held
secret	SIGNING_KEY	veiled	name-secret	held
secret	JWT_PRIVATE_KEY	veiled	name-secret	held
secret	JWT_PRIVATE_KEY	veiled	name-secret	held
secret	JWT_PRIVATE_KEY	veiled	name-secret	held
secret	JWT_PRIVATE_KEY	veiled	name-secret	held
secret	JWT_PRIVATE_KEY	veiled	name-secret	held
secret	SSH_PRIVATE_KEY	veiled	name-secret	held
secret	SSH_PRIVATE_KEY	veiled	name-secret	held
secret	SSH_PRIVATE_KEY	veiled	name-secret	held
secret	SSH_PRIVATE_KEY	veiled	name-secret	held
secret	SSH_PRIVATE_KEY	veiled	name-secret	held
secret	APPLE_PRIVATE_KEY	veiled	name-secret	held
secret	APPLE_PRIVATE_KEY	veiled	name-secret	held
secret	APPLE_PRIVATE_KEY	veiled	name-secret	held
secret	APPLE_PRIVATE_KEY	veiled	name-secret	held
secret	APPLE_PRIVATE_KEY	veiled	name-secret	held
secret	WEBHOOK_SIGNING_KEY	veiled	name-secret	held
secret	WEBHOOK_SIGNING_KEY	veiled	name-secret	held
secret	WEBHOOK_SIGNING_KEY	veiled	name-secret	held
secret	WEBHOOK_SIGNING_KEY	veiled	name-secret	held
secret	WEBHOOK_SIGNING_KEY	veiled	name-secret	held
secret	PAYFAST_MERCHANT_KEY	veiled	name-secret	held
secret	PAYFAST_MERCHANT_KEY	veiled	name-secret	held
secret	PAYFAST_MERCHANT_KEY	veiled	name-secret	held
secret	PAYFAST_MERCHANT_KEY	veiled	name-secret	held
secret	PAYFAST_MERCHANT_KEY	veiled	name-secret	held
secret	COUNTRY_API_KEY	veiled	name-secret	held
secret	COUNTRY_API_KEY	veiled	name-secret	held
secret	COUNTRY_API_KEY	veiled	name-secret	held
secret	COUNTRY_API_KEY	veiled	name-secret	held
secret	COUNTRY_API_KEY	veiled	name-secret	held
secret	ACCOUNT_SECRET_KEY	veiled	name-secret	held
secret	ACCOUNT_SECRET_KEY	veiled	name-secret	held
secret	ACCOUNT_SECRET_KEY	veiled	name-secret	held
secret	ACCOUNT_SECRET_KEY	veiled	name-secret	held
secret	ACCOUNT_SECRET_KEY	veiled	name-secret	held
secret	MINIO_SECRET_KEY	veiled	name-secret	held
secret	MINIO_SECRET_KEY	veiled	name-secret	held
secret	MINIO_SECRET_KEY	veiled	name-secret	held
secret	MINIO_SECRET_KEY	veiled	name-secret	held
secret	MINIO_SECRET_KEY	veiled	name-secret	held
secret	MINIO_ROOT_PASSWORD	veiled	name-secret	held
secret	MINIO_ROOT_PASSWORD	veiled	name-secret	held
secret	MINIO_ROOT_PASSWORD	veiled	name-secret	held
secret	MINIO_ROOT_PASSWORD	veiled	name-secret	held
secret	MINIO_ROOT_PASSWORD	veiled	name-secret	held
secret	DEBUG_TOKEN	veiled	name-secret	held
secret	DEBUG_TOKEN	veiled	name-secret	held
secret	DEBUG_TOKEN	veiled	name-secret	held
secret	DEBUG_TOKEN	veiled	name-secret	held
secret	DEBUG_TOKEN	veiled	name-secret	held
secret	VERSION_SECRET	veiled	name-secret	held
secret	VERSION_SECRET	veiled	name-secret	held
secret	VERSION_SECRET	veiled	name-secret	held
secret	VERSION_SECRET	veiled	name-secret	held
secret	VERSION_SECRET	veiled	name-secret	held
secret	REGION_SECRET	veiled	name-secret	held
secret	REGION_SECRET	veiled	name-secret	held
secret	REGION_SECRET	veiled	name-secret	held
secret	REGION_SECRET	veiled	name-secret	held
secret	REGION_SECRET	veiled	name-secret	held
secret	MODE_SECRET	veiled	name-secret	held
secret	MODE_SECRET	veiled	name-secret	held
secret	MODE_SECRET	veiled	name-secret	held
secret	MODE_SECRET	veiled	name-secret	held
secret	MODE_SECRET	veiled	name-secret	held
secret	GITHUB_TOKEN	veiled	name-secret	held
secret	GITHUB_TOKEN	veiled	name-secret	held
secret	GITHUB_TOKEN	veiled	name-secret	held
secret	GITHUB_TOKEN	veiled	name-secret	held
secret	GITHUB_TOKEN	veiled	name-secret	held
secret	GITLAB_TOKEN	veiled	name-secret	held
secret	GITLAB_TOKEN	veiled	name-secret	held
secret	GITLAB_TOKEN	veiled	name-secret	held
secret	GITLAB_TOKEN	veiled	name-secret	held
secret	GITLAB_TOKEN	veiled	name-secret	held
secret	NPM_TOKEN	veiled	name-secret	held
secret	NPM_TOKEN	veiled	name-secret	held
secret	NPM_TOKEN	veiled	name-secret	held
secret	NPM_TOKEN	veiled	name-secret	held
secret	NPM_TOKEN	veiled	name-secret	held
secret	SLACK_BOT_TOKEN	veiled	name-secret	held
secret	SLACK_BOT_TOKEN	veiled	name-secret	held
secret	SLACK_BOT_TOKEN	veiled	name-secret	held
secret	SLACK_BOT_TOKEN	veiled	name-secret	held
secret	SLACK_BOT_TOKEN	veiled	name-secret	held
secret	DISCORD_BOT_TOKEN	veiled	name-secret	held
secret	DISCORD_BOT_TOKEN	veiled	name-secret	held
secret	DISCORD_BOT_TOKEN	veiled	name-secret	held
secret	DISCORD_BOT_TOKEN	veiled	name-secret	held
secret	DISCORD_BOT_TOKEN	veiled	name-secret	held
secret	VERCEL_TOKEN	veiled	name-secret	held
secret	VERCEL_TOKEN	veiled	name-secret	held
secret	VERCEL_TOKEN	veiled	name-secret	held
secret	VERCEL_TOKEN	veiled	name-secret	held
secret	VERCEL_TOKEN	veiled	name-secret	held
secret	CLOUDFLARE_API_TOKEN	veiled	name-secret	held
secret	CLOUDFLARE_API_TOKEN	veiled	name-secret	held
secret	CLOUDFLARE_API_TOKEN	veiled	name-secret	held
secret	CLOUDFLARE_API_TOKEN	veiled	name-secret	held
secret	CLOUDFLARE_API_TOKEN	veiled	name-secret	held
secret	DATADOG_APP_KEY	veiled	name-secret	held
secret	DATADOG_APP_KEY	veiled	name-secret	held
secret	DATADOG_APP_KEY	veiled	name-secret	held
secret	DATADOG_APP_KEY	veiled	name-secret	held
secret	DATADOG_APP_KEY	veiled	name-secret	held
secret	PAGERDUTY_TOKEN	veiled	name-secret	held
secret	PAGERDUTY_TOKEN	veiled	name-secret	held
secret	PAGERDUTY_TOKEN	veiled	name-secret	held
secret	PAGERDUTY_TOKEN	veiled	name-secret	held
secret	PAGERDUTY_TOKEN	veiled	name-secret	held
secret	SENTRY_AUTH_TOKEN	veiled	name-secret	held
secret	SENTRY_AUTH_TOKEN	veiled	name-secret	held
secret	SENTRY_AUTH_TOKEN	veiled	name-secret	held
secret	SENTRY_AUTH_TOKEN	veiled	name-secret	held
secret	SENTRY_AUTH_TOKEN	veiled	name-secret	held
secret	REFRESH_TOKEN	veiled	name-secret	held
secret	REFRESH_TOKEN	veiled	name-secret	held
secret	REFRESH_TOKEN	veiled	name-secret	held
secret	REFRESH_TOKEN	veiled	name-secret	held
secret	REFRESH_TOKEN	veiled	name-secret	held
secret	ACCESS_TOKEN	veiled	name-secret	held
secret	ACCESS_TOKEN	veiled	name-secret	held
secret	ACCESS_TOKEN	veiled	name-secret	held
secret	ACCESS_TOKEN	veiled	name-secret	held
secret	ACCESS_TOKEN	veiled	name-secret	held
secret	SESSION_TOKEN	veiled	name-secret	held
secret	SESSION_TOKEN	veiled	name-secret	held
secret	SESSION_TOKEN	veiled	name-secret	held
secret	SESSION_TOKEN	veiled	name-secret	held
secret	SESSION_TOKEN	veiled	name-secret	held
secret	TWILIO_AUTH_TOKEN	veiled	name-secret	held
secret	TWILIO_AUTH_TOKEN	veiled	name-secret	held
secret	TWILIO_AUTH_TOKEN	veiled	name-secret	held
secret	TWILIO_AUTH_TOKEN	veiled	name-secret	held
secret	TWILIO_AUTH_TOKEN	veiled	name-secret	held
secret	HUGGINGFACE_TOKEN	veiled	name-secret	held
secret	HUGGINGFACE_TOKEN	veiled	name-secret	held
secret	HUGGINGFACE_TOKEN	veiled	name-secret	held
secret	HUGGINGFACE_TOKEN	veiled	name-secret	held
secret	HUGGINGFACE_TOKEN	veiled	name-secret	held
secret	COUNT_TOKEN	veiled	name-secret	held
secret	COUNT_TOKEN	veiled	name-secret	held
secret	COUNT_TOKEN	veiled	name-secret	held
secret	COUNT_TOKEN	veiled	name-secret	held
secret	COUNT_TOKEN	veiled	name-secret	held
secret	WINDOW_TOKEN	veiled	name-secret	held
secret	WINDOW_TOKEN	veiled	name-secret	held
secret	WINDOW_TOKEN	veiled	name-secret	held
secret	WINDOW_TOKEN	veiled	name-secret	held
secret	WINDOW_TOKEN	veiled	name-secret	held
secret	DB_CREDS	veiled	name-secret	held
secret	DB_CREDS	veiled	name-secret	held
secret	DB_CREDS	veiled	name-secret	held
secret	DB_CREDS	veiled	name-secret	held
secret	DB_CREDS	veiled	name-secret	held
secret	AWS_CREDS	veiled	name-secret	held
secret	AWS_CREDS	veiled	name-secret	held
secret	AWS_CREDS	veiled	name-secret	held
secret	AWS_CREDS	veiled	name-secret	held
secret	AWS_CREDS	veiled	name-secret	held
secret	WALLET_MNEMONIC	veiled	name-secret	held
secret	WALLET_MNEMONIC	veiled	name-secret	held
secret	WALLET_MNEMONIC	veiled	name-secret	held
secret	WALLET_MNEMONIC	veiled	name-secret	held
secret	WALLET_MNEMONIC	veiled	name-secret	held
secret	SEED_PHRASE	veiled	name-secret	held
secret	SEED_PHRASE	veiled	name-secret	held
secret	SEED_PHRASE	veiled	name-secret	held
secret	SEED_PHRASE	veiled	name-secret	held
secret	SEED_PHRASE	veiled	name-secret	held
secret	RECOVERY_PHRASE	veiled	name-secret	held
secret	RECOVERY_PHRASE	veiled	name-secret	held
secret	RECOVERY_PHRASE	veiled	name-secret	held
secret	RECOVERY_PHRASE	veiled	name-secret	held
secret	RECOVERY_PHRASE	veiled	name-secret	held
secret	HMAC_KEY	veiled	name-secret	held
secret	HMAC_KEY	veiled	name-secret	held
secret	HMAC_KEY	veiled	name-secret	held
secret	HMAC_KEY	veiled	name-secret	held
secret	HMAC_KEY	veiled	name-secret	held
secret	WEBHOOK_HMAC	veiled	name-secret	held
secret	WEBHOOK_HMAC	veiled	name-secret	held
secret	WEBHOOK_HMAC	veiled	name-secret	held
secret	WEBHOOK_HMAC	veiled	name-secret	held
secret	WEBHOOK_HMAC	veiled	name-secret	held
secret	TOTP_SEED	veiled	name-secret	held
secret	TOTP_SEED	veiled	name-secret	held
secret	TOTP_SEED	veiled	name-secret	held
secret	TOTP_SEED	veiled	name-secret	held
secret	TOTP_SEED	veiled	name-secret	held
secret	ENCRYPTION_IV	veiled	name-secret	held
secret	ENCRYPTION_IV	veiled	name-secret	held
secret	ENCRYPTION_IV	veiled	name-secret	held
secret	ENCRYPTION_IV	veiled	name-secret	held
secret	ENCRYPTION_IV	veiled	name-secret	held
secret	REQUEST_SIGNATURE	veiled	name-secret	held
secret	REQUEST_SIGNATURE	veiled	name-secret	held
secret	REQUEST_SIGNATURE	veiled	name-secret	held
secret	REQUEST_SIGNATURE	veiled	name-secret	held
secret	REQUEST_SIGNATURE	veiled	name-secret	held
secret	BEARER_TOKEN	veiled	name-secret	held
secret	BEARER_TOKEN	veiled	name-secret	held
secret	BEARER_TOKEN	veiled	name-secret	held
secret	BEARER_TOKEN	veiled	name-secret	held
secret	BEARER_TOKEN	veiled	name-secret	held
secret	GITHUB_PAT	veiled	name-secret	held
secret	GITHUB_PAT	veiled	name-secret	held
secret	GITHUB_PAT	veiled	name-secret	held
secret	GITHUB_PAT	veiled	name-secret	held
secret	GITHUB_PAT	veiled	name-secret	held
secret	AZURE_SAS	veiled	name-secret	held
secret	AZURE_SAS	veiled	name-secret	held
secret	AZURE_SAS	veiled	name-secret	held
secret	AZURE_SAS	veiled	name-secret	held
secret	AZURE_SAS	veiled	name-secret	held
secret	AZURE_SAS_TOKEN	veiled	name-secret	held
secret	AZURE_SAS_TOKEN	veiled	name-secret	held
secret	AZURE_SAS_TOKEN	veiled	name-secret	held
secret	AZURE_SAS_TOKEN	veiled	name-secret	held
secret	AZURE_SAS_TOKEN	veiled	name-secret	held
secret	SUPABASE_SERVICE_ROLE	veiled	name-secret	held
secret	SUPABASE_SERVICE_ROLE	veiled	name-secret	held
secret	SUPABASE_SERVICE_ROLE	veiled	name-secret	held
secret	SUPABASE_SERVICE_ROLE	veiled	name-secret	held
secret	SUPABASE_SERVICE_ROLE	veiled	name-secret	held
secret	SUPABASE_SERVICE_ROLE_KEY	veiled	name-secret	held
secret	SUPABASE_SERVICE_ROLE_KEY	veiled	name-secret	held
secret	SUPABASE_SERVICE_ROLE_KEY	veiled	name-secret	held
secret	SUPABASE_SERVICE_ROLE_KEY	veiled	name-secret	held
secret	SUPABASE_SERVICE_ROLE_KEY	veiled	name-secret	held
secret	DATABASE_CONNECTION_STRING	veiled	name-secret	held
secret	DATABASE_CONNECTION_STRING	veiled	name-secret	held
secret	DATABASE_CONNECTION_STRING	veiled	name-secret	held
secret	DATABASE_CONNECTION_STRING	veiled	name-secret	held
secret	DATABASE_CONNECTION_STRING	veiled	name-secret	held
secret	STORAGE_CONNECTION_STRING	veiled	name-secret	held
secret	STORAGE_CONNECTION_STRING	veiled	name-secret	held
secret	STORAGE_CONNECTION_STRING	veiled	name-secret	held
secret	STORAGE_CONNECTION_STRING	veiled	name-secret	held
secret	STORAGE_CONNECTION_STRING	veiled	name-secret	held
secret	NONCE_SECRET	veiled	name-secret	held
secret	NONCE_SECRET	veiled	name-secret	held
secret	NONCE_SECRET	veiled	name-secret	held
secret	NONCE_SECRET	veiled	name-secret	held
secret	NONCE_SECRET	veiled	name-secret	held
secret	SLACK_WEBHOOK	veiled	name-secret	held
secret	SLACK_WEBHOOK	veiled	name-secret	held
secret	SLACK_WEBHOOK	veiled	name-secret	held
secret	SLACK_WEBHOOK	veiled	name-secret	held
secret	SLACK_WEBHOOK	veiled	name-secret	held
secret	DISCORD_WEBHOOK	veiled	name-secret	held
secret	DISCORD_WEBHOOK	veiled	name-secret	held
secret	DISCORD_WEBHOOK	veiled	name-secret	held
secret	DISCORD_WEBHOOK	veiled	name-secret	held
secret	DISCORD_WEBHOOK	veiled	name-secret	held
secret	TEAMS_WEBHOOK	veiled	name-secret	held
secret	TEAMS_WEBHOOK	veiled	name-secret	held
secret	TEAMS_WEBHOOK	veiled	name-secret	held
secret	TEAMS_WEBHOOK	veiled	name-secret	held
secret	TEAMS_WEBHOOK	veiled	name-secret	held
secret	SESSION_PASSPHRASE	veiled	name-secret	held
secret	SESSION_PASSPHRASE	veiled	name-secret	held
secret	SESSION_PASSPHRASE	veiled	name-secret	held
secret	SESSION_PASSPHRASE	veiled	name-secret	held
secret	SESSION_PASSPHRASE	veiled	name-secret	held
secret	CLIENT_CERTIFICATE	veiled	name-secret	held
secret	CLIENT_CERTIFICATE	veiled	name-secret	held
secret	CLIENT_CERTIFICATE	veiled	name-secret	held
secret	CLIENT_CERTIFICATE	veiled	name-secret	held
secret	CLIENT_CERTIFICATE	veiled	name-secret	held
secret	PFX_PASSWORD	veiled	name-secret	held
secret	PFX_PASSWORD	veiled	name-secret	held
secret	PFX_PASSWORD	veiled	name-secret	held
secret	PFX_PASSWORD	veiled	name-secret	held
secret	PFX_PASSWORD	veiled	name-secret	held
secret	COOKIE_SECRET	veiled	name-secret	held
secret	COOKIE_SECRET	veiled	name-secret	held
secret	COOKIE_SECRET	veiled	name-secret	held
secret	COOKIE_SECRET	veiled	name-secret	held
secret	COOKIE_SECRET	veiled	name-secret	held
secret	CSRF_SECRET	veiled	name-secret	held
secret	CSRF_SECRET	veiled	name-secret	held
secret	CSRF_SECRET	veiled	name-secret	held
secret	CSRF_SECRET	veiled	name-secret	held
secret	CSRF_SECRET	veiled	name-secret	held
secret	stripeSecretKey	veiled	name-secret	held
secret	stripeSecretKey	veiled	name-secret	held
secret	stripeSecretKey	veiled	name-secret	held
secret	stripeSecretKey	veiled	name-secret	held
secret	stripeSecretKey	veiled	name-secret	held
secret	databasePassword	veiled	name-secret	held
secret	databasePassword	veiled	name-secret	held
secret	databasePassword	veiled	name-secret	held
secret	databasePassword	veiled	name-secret	held
secret	databasePassword	veiled	name-secret	held
secret	github-token	veiled	name-secret	held
secret	github-token	veiled	name-secret	held
secret	github-token	veiled	name-secret	held
secret	github-token	veiled	name-secret	held
secret	github-token	veiled	name-secret	held
secret	smtp.password	veiled	name-secret	held
secret	smtp.password	veiled	name-secret	held
secret	smtp.password	veiled	name-secret	held
secret	smtp.password	veiled	name-secret	held
secret	smtp.password	veiled	name-secret	held
secret	AUTH0_CLIENT_SECRET	veiled	name-secret	held
secret	AUTH0_CLIENT_SECRET	veiled	name-secret	held
secret	AUTH0_CLIENT_SECRET	veiled	name-secret	held
secret	AUTH0_CLIENT_SECRET	veiled	name-secret	held
secret	AUTH0_CLIENT_SECRET	veiled	name-secret	held
secret	OKTA_API_TOKEN	veiled	name-secret	held
secret	OKTA_API_TOKEN	veiled	name-secret	held
secret	OKTA_API_TOKEN	veiled	name-secret	held
secret	OKTA_API_TOKEN	veiled	name-secret	held
secret	OKTA_API_TOKEN	veiled	name-secret	held
secret	SEGMENT_WRITE_KEY	veiled	name-secret	held
secret	SEGMENT_WRITE_KEY	veiled	name-secret	held
secret	SEGMENT_WRITE_KEY	veiled	name-secret	held
secret	SEGMENT_WRITE_KEY	veiled	name-secret	held
secret	SEGMENT_WRITE_KEY	veiled	name-secret	held
secret	SETTING	partial	value-aws-access-key-id	held
secret	CONFIG_VALUE	partial	value-aws-access-key-id	held
secret	APP_DATA	partial	value-aws-access-key-id	held
secret	CONFIG_VALUE	partial	value-aws-temp-key-id	held
secret	APP_DATA	partial	value-aws-temp-key-id	held
secret	PARAM	partial	value-aws-temp-key-id	held
secret	APP_DATA	veiled	value-openai-key	held
secret	PARAM	veiled	value-openai-key	held
secret	OPTION	veiled	value-openai-key	held
secret	PARAM	veiled	value-openai-key	held
secret	OPTION	veiled	value-openai-key	held
secret	ITEM	veiled	value-openai-key	held
secret	OPTION	veiled	value-stripe-live-key	held
secret	ITEM	veiled	value-stripe-live-key	held
secret	SETTING	veiled	value-stripe-live-key	held
secret	ITEM	veiled	value-stripe-test-key	held
secret	SETTING	veiled	value-stripe-test-key	held
secret	CONFIG_VALUE	veiled	value-stripe-test-key	held
secret	SETTING	veiled	entropy	held
secret	CONFIG_VALUE	veiled	entropy	held
secret	APP_DATA	veiled	entropy	held
secret	CONFIG_VALUE	veiled	value-github-token	held
secret	APP_DATA	veiled	value-github-token	held
secret	PARAM	veiled	value-github-token	held
secret	APP_DATA	veiled	value-github-token	held
secret	PARAM	veiled	value-github-token	held
secret	OPTION	veiled	value-github-token	held
secret	PARAM	veiled	value-github-token	held
secret	OPTION	veiled	value-github-token	held
secret	ITEM	veiled	value-github-token	held
secret	OPTION	veiled	value-github-token	held
secret	ITEM	veiled	value-github-token	held
secret	SETTING	veiled	value-github-token	held
secret	ITEM	veiled	value-github-token	held
secret	SETTING	veiled	value-github-token	held
secret	CONFIG_VALUE	veiled	value-github-token	held
secret	SETTING	veiled	value-gitlab-token	held
secret	CONFIG_VALUE	veiled	value-gitlab-token	held
secret	APP_DATA	veiled	value-gitlab-token	held
secret	CONFIG_VALUE	veiled	value-npm-token	held
secret	APP_DATA	veiled	value-npm-token	held
secret	PARAM	veiled	value-npm-token	held
secret	APP_DATA	veiled	entropy	held
secret	PARAM	veiled	entropy	held
secret	OPTION	veiled	entropy	held
secret	PARAM	veiled	value-slack-token	held
secret	OPTION	veiled	value-slack-token	held
secret	ITEM	veiled	value-slack-token	held
secret	OPTION	veiled	value-slack-token	held
secret	ITEM	veiled	value-slack-token	held
secret	SETTING	veiled	value-slack-token	held
secret	ITEM	veiled	value-google-api-key	held
secret	SETTING	veiled	value-google-api-key	held
secret	CONFIG_VALUE	veiled	value-google-api-key	held
secret	SETTING	veiled	value-jwt	held
secret	CONFIG_VALUE	veiled	value-jwt	held
secret	APP_DATA	veiled	value-jwt	held
secret	CONFIG_VALUE	open	default-open	LEAKS
secret	APP_DATA	open	default-open	LEAKS
secret	PARAM	open	default-open	LEAKS
secret	APP_DATA	veiled	entropy	held
secret	PARAM	open	default-open	LEAKS
secret	OPTION	veiled	entropy	held
secret	PARAM	veiled	entropy	held
secret	OPTION	veiled	entropy	held
secret	ITEM	veiled	entropy	held
secret	OPTION	veiled	value-private-key	held
secret	ITEM	veiled	value-private-key	held
secret	SETTING	veiled	value-private-key	held
secret	ITEM	veiled	value-private-key	held
secret	SETTING	veiled	value-private-key	held
secret	CONFIG_VALUE	veiled	value-private-key	held
secret	SETTING	veiled	value-private-key	held
secret	CONFIG_VALUE	veiled	value-private-key	held
secret	APP_DATA	veiled	value-private-key	held
secret	CONFIG_VALUE	open	default-open	LEAKS
secret	APP_DATA	open	default-open	LEAKS
secret	PARAM	open	default-open	LEAKS
secret	ACME_BLURB	open	default-open	LEAKS
secret	SETTING	open	default-open	LEAKS
secret	OPTION_A	open	default-open	LEAKS
secret	WIDGET	open	default-open	LEAKS
secret	ACME_BLURB	veiled	entropy	held
secret	SETTING	veiled	entropy	held
secret	OPTION_A	veiled	entropy	held
secret	WIDGET	veiled	entropy	held
secret	ACME_BLURB	veiled	entropy	held
secret	SETTING	veiled	entropy	held
secret	OPTION_A	veiled	entropy	held
secret	WIDGET	veiled	entropy	held
secret	OPTION_A	veiled	entropy	held
secret	WIDGET	open	default-open	LEAKS
secret	THING	veiled	entropy	held
secret	PARAM	open	default-open	LEAKS
secret	OPTION_A	veiled	entropy	held
secret	WIDGET	veiled	entropy	held
secret	THING	veiled	entropy	held
secret	PARAM	veiled	entropy	held
secret	OPTION_A	veiled	entropy	held
secret	WIDGET	veiled	entropy	held
secret	THING	veiled	entropy	held
secret	PARAM	veiled	entropy	held
secret	THING	open	default-open	LEAKS
secret	PARAM	veiled	entropy	held
secret	ACME_BLURB	open	default-open	LEAKS
secret	SETTING	open	default-open	LEAKS
secret	THING	veiled	entropy	held
secret	PARAM	veiled	entropy	held
secret	ACME_BLURB	veiled	entropy	held
secret	SETTING	veiled	entropy	held
secret	THING	veiled	entropy	held
secret	PARAM	veiled	entropy	held
secret	ACME_BLURB	veiled	entropy	held
secret	SETTING	veiled	entropy	held
secret	ACME_BLURB	veiled	entropy	held
secret	SETTING	veiled	entropy	held
secret	OPTION_A	veiled	entropy	held
secret	WIDGET	veiled	entropy	held
secret	ACME_BLURB	veiled	entropy	held
secret	SETTING	veiled	entropy	held
secret	OPTION_A	veiled	entropy	held
secret	WIDGET	veiled	entropy	held
secret	ACME_BLURB	veiled	entropy	held
secret	SETTING	veiled	entropy	held
secret	OPTION_A	veiled	entropy	held
secret	WIDGET	veiled	entropy	held
secret	THING	veiled	entropy	held
secret	PARAM	veiled	entropy	held
secret	ACME_BLURB	veiled	entropy	held
secret	SETTING	veiled	entropy	held
secret	THING	veiled	entropy	held
secret	PARAM	veiled	entropy	held
secret	ACME_BLURB	veiled	entropy	held
secret	SETTING	veiled	entropy	held
secret	THING	veiled	entropy	held
secret	PARAM	veiled	entropy	held
secret	ACME_BLURB	veiled	entropy	held
secret	SETTING	open	default-open	LEAKS
secret	DATABASE_URL	partial	url-password	held
secret	DATABASE_URL	partial	url-password	held
secret	DATABASE_URL	partial	url-password	held
secret	DATABASE_URL	partial	url-password	held
secret	MONGO_URI	partial	url-password	held
secret	MONGO_URI	partial	url-password	held
secret	MONGO_URI	partial	url-password	held
secret	FEED_URL	partial	url-query-credential	held
secret	FEED_URL	partial	url-query-credential	held
secret	FEED_URL	partial	url-query-credential	held
secret	GATEWAY_URL	partial	url-password	LEAKS
secret	GATEWAY_URL	partial	url-password	LEAKS
secret	GATEWAY_URL	partial	url-password	LEAKS
secret	SQL_CONNECTION	partial	connection-string-password	held
secret	SQL_CONNECTION	partial	connection-string-password	held
secret	SQL_CONNECTION	partial	connection-string-password	held
secret	UPSTREAM_AUTH	partial	bearer-token	held
secret	UPSTREAM_AUTH	partial	bearer-token	held
secret	UPSTREAM_AUTH	partial	bearer-token	held
secret	MULTI_URL	partial	url-query-credential	held
open	PORT	open	name-not-secret	held
open	PORT	open	name-not-secret	held
open	PORT	open	name-not-secret	held
open	PORT	open	name-not-secret	held
open	DB_PORT	open	name-not-secret	held
open	DB_PORT	open	name-not-secret	held
open	DB_PORT	open	name-not-secret	held
open	DB_PORT	open	name-not-secret	held
open	NODE_ENV	open	name-not-secret	held
open	NODE_ENV	open	name-not-secret	held
open	NODE_ENV	open	name-not-secret	held
open	NODE_ENV	open	name-not-secret	held
open	ENV	open	name-not-secret	held
open	ENV	open	name-not-secret	held
open	ENV	open	name-not-secret	held
open	ENV	open	name-not-secret	held
open	APP_ENV	open	name-not-secret	held
open	APP_ENV	open	name-not-secret	held
open	APP_ENV	open	name-not-secret	held
open	APP_ENV	open	name-not-secret	held
open	LOG_LEVEL	open	name-not-secret	held
open	LOG_LEVEL	open	name-not-secret	held
open	LOG_LEVEL	open	name-not-secret	held
open	LOG_LEVEL	open	name-not-secret	held
open	LOG_FORMAT	open	name-not-secret	held
open	LOG_FORMAT	open	name-not-secret	held
open	LOG_FORMAT	open	name-not-secret	held
open	LOG_FORMAT	open	name-not-secret	held
open	AWS_REGION	open	name-not-secret	held
open	AWS_REGION	open	name-not-secret	held
open	AWS_REGION	open	name-not-secret	held
open	AWS_REGION	open	name-not-secret	held
open	AWS_DEFAULT_REGION	open	name-not-secret	held
open	AWS_DEFAULT_REGION	open	name-not-secret	held
open	AWS_DEFAULT_REGION	open	name-not-secret	held
open	AWS_DEFAULT_REGION	open	name-not-secret	held
open	GCP_ZONE	open	name-not-secret	held
open	GCP_ZONE	open	name-not-secret	held
open	GCP_ZONE	open	name-not-secret	held
open	GCP_ZONE	open	name-not-secret	held
open	MAX_RETRIES	open	name-not-secret	held
open	MAX_RETRIES	open	name-not-secret	held
open	MAX_RETRIES	open	name-not-secret	held
open	MAX_RETRIES	open	name-not-secret	held
open	RETRY_COUNT	open	name-not-secret	held
open	RETRY_COUNT	open	name-not-secret	held
open	RETRY_COUNT	open	name-not-secret	held
open	RETRY_COUNT	open	name-not-secret	held
open	RETRY_DELAY_MS	open	name-not-secret	held
open	RETRY_DELAY_MS	open	name-not-secret	held
open	RETRY_DELAY_MS	open	name-not-secret	held
open	RETRY_DELAY_MS	open	name-not-secret	held
open	CACHE_TTL	open	name-not-secret	held
open	CACHE_TTL	open	name-not-secret	held
open	CACHE_TTL	open	name-not-secret	held
open	CACHE_TTL	open	name-not-secret	held
open	REFRESH_TOKEN_TTL_DAYS	open	name-not-secret	held
open	REFRESH_TOKEN_TTL_DAYS	open	name-not-secret	held
open	REFRESH_TOKEN_TTL_DAYS	open	name-not-secret	held
open	REFRESH_TOKEN_TTL_DAYS	open	name-not-secret	held
open	ACCESS_TOKEN_TTL_SECONDS	open	name-not-secret	held
open	ACCESS_TOKEN_TTL_SECONDS	open	name-not-secret	held
open	ACCESS_TOKEN_TTL_SECONDS	open	name-not-secret	held
open	ACCESS_TOKEN_TTL_SECONDS	open	name-not-secret	held
open	SESSION_TIMEOUT	open	name-not-secret	held
open	SESSION_TIMEOUT	open	name-not-secret	held
open	SESSION_TIMEOUT	open	name-not-secret	held
open	SESSION_TIMEOUT	open	name-not-secret	held
open	REQUEST_TIMEOUT_MS	open	name-not-secret	held
open	REQUEST_TIMEOUT_MS	open	name-not-secret	held
open	REQUEST_TIMEOUT_MS	open	name-not-secret	held
open	REQUEST_TIMEOUT_MS	open	name-not-secret	held
open	CONNECT_TIMEOUT	open	name-not-secret	held
open	CONNECT_TIMEOUT	open	name-not-secret	held
open	CONNECT_TIMEOUT	open	name-not-secret	held
open	CONNECT_TIMEOUT	open	name-not-secret	held
open	PAGE_SIZE	open	name-not-secret	held
open	PAGE_SIZE	open	name-not-secret	held
open	PAGE_SIZE	open	name-not-secret	held
open	PAGE_SIZE	open	name-not-secret	held
open	PER_PAGE	open	name-not-secret	held
open	PER_PAGE	open	name-not-secret	held
open	PER_PAGE	open	name-not-secret	held
open	PER_PAGE	open	name-not-secret	held
open	MAX_CONNECTIONS	open	name-not-secret	held
open	MAX_CONNECTIONS	open	name-not-secret	held
open	MAX_CONNECTIONS	open	name-not-secret	held
open	MAX_CONNECTIONS	open	name-not-secret	held
open	MIN_POOL_SIZE	open	name-not-secret	held
open	MIN_POOL_SIZE	open	name-not-secret	held
open	MIN_POOL_SIZE	open	name-not-secret	held
open	MIN_POOL_SIZE	open	name-not-secret	held
open	MAX_POOL_SIZE	open	name-not-secret	held
open	MAX_POOL_SIZE	open	name-not-secret	held
open	MAX_POOL_SIZE	open	name-not-secret	held
open	MAX_POOL_SIZE	open	name-not-secret	held
open	MAX_UPLOAD_SIZE	open	name-not-secret	held
open	MAX_UPLOAD_SIZE	open	name-not-secret	held
open	MAX_UPLOAD_SIZE	open	name-not-secret	held
open	MAX_UPLOAD_SIZE	open	name-not-secret	held
open	BCRYPT_ROUNDS	open	name-not-secret	held
open	BCRYPT_ROUNDS	open	name-not-secret	held
open	BCRYPT_ROUNDS	open	name-not-secret	held
open	BCRYPT_ROUNDS	open	name-not-secret	held
open	LOGIN_ATTEMPTS	open	name-not-secret	held
open	LOGIN_ATTEMPTS	open	name-not-secret	held
open	LOGIN_ATTEMPTS	open	name-not-secret	held
open	LOGIN_ATTEMPTS	open	name-not-secret	held
open	RATE_LIMIT	open	name-not-secret	held
open	RATE_LIMIT	open	name-not-secret	held
open	RATE_LIMIT	open	name-not-secret	held
open	RATE_LIMIT	open	name-not-secret	held
open	RATE_LIMIT_WINDOW	open	name-not-secret	held
open	RATE_LIMIT_WINDOW	open	name-not-secret	held
open	RATE_LIMIT_WINDOW	open	name-not-secret	held
open	RATE_LIMIT_WINDOW	open	name-not-secret	held
open	ALERT_THRESHOLD	open	name-not-secret	held
open	ALERT_THRESHOLD	open	name-not-secret	held
open	ALERT_THRESHOLD	open	name-not-secret	held
open	ALERT_THRESHOLD	open	name-not-secret	held
open	WORKER_COUNT	open	name-not-secret	held
open	WORKER_COUNT	open	name-not-secret	held
open	WORKER_COUNT	open	name-not-secret	held
open	WORKER_COUNT	open	name-not-secret	held
open	CONCURRENCY	open	name-not-secret	held
open	CONCURRENCY	open	name-not-secret	held
open	CONCURRENCY	open	name-not-secret	held
open	CONCURRENCY	open	name-not-secret	held
open	REPLICAS	open	name-not-secret	held
open	REPLICAS	open	name-not-secret	held
open	REPLICAS	open	name-not-secret	held
open	REPLICAS	open	name-not-secret	held
open	DEBUG	open	name-not-secret	held
open	DEBUG	open	name-not-secret	held
open	DEBUG	open	name-not-secret	held
open	DEBUG	open	name-not-secret	held
open	VERBOSE	open	name-not-secret	held
open	VERBOSE	open	name-not-secret	held
open	VERBOSE	open	name-not-secret	held
open	VERBOSE	open	name-not-secret	held
open	CACHE_ENABLED	open	name-not-secret	held
open	CACHE_ENABLED	open	name-not-secret	held
open	CACHE_ENABLED	open	name-not-secret	held
open	CACHE_ENABLED	open	name-not-secret	held
open	TELEMETRY_DISABLED	open	name-not-secret	held
open	TELEMETRY_DISABLED	open	name-not-secret	held
open	TELEMETRY_DISABLED	open	name-not-secret	held
open	TELEMETRY_DISABLED	open	name-not-secret	held
open	STRICT_MODE	open	name-not-secret	held
open	STRICT_MODE	open	name-not-secret	held
open	STRICT_MODE	open	name-not-secret	held
open	STRICT_MODE	open	name-not-secret	held
open	DRY_RUN	open	name-not-secret	held
open	DRY_RUN	open	name-not-secret	held
open	DRY_RUN	open	name-not-secret	held
open	DRY_RUN	open	name-not-secret	held
open	APP_VERSION	open	name-not-secret	held
open	APP_VERSION	open	name-not-secret	held
open	APP_VERSION	open	name-not-secret	held
open	APP_VERSION	open	name-not-secret	held
open	API_VERSION	open	name-not-secret	held
open	API_VERSION	open	name-not-secret	held
open	API_VERSION	open	name-not-secret	held
open	API_VERSION	open	name-not-secret	held
open	SCHEMA_VERSION	open	name-not-secret	held
open	SCHEMA_VERSION	open	name-not-secret	held
open	SCHEMA_VERSION	open	name-not-secret	held
open	SCHEMA_VERSION	open	name-not-secret	held
open	BUILD_NUMBER	open	default-open	held
open	BUILD_NUMBER	open	default-open	held
open	BUILD_NUMBER	open	default-open	held
open	BUILD_NUMBER	open	default-open	held
open	RELEASE_TAG	open	name-not-secret	held
open	RELEASE_TAG	open	name-not-secret	held
open	RELEASE_TAG	open	name-not-secret	held
open	RELEASE_TAG	open	name-not-secret	held
open	TZ	open	name-not-secret	held
open	TZ	open	name-not-secret	held
open	TZ	open	name-not-secret	held
open	TZ	open	name-not-secret	held
open	TIMEZONE	open	name-not-secret	held
open	TIMEZONE	open	name-not-secret	held
open	TIMEZONE	open	name-not-secret	held
open	TIMEZONE	open	name-not-secret	held
open	LOCALE	open	name-not-secret	held
open	LOCALE	open	name-not-secret	held
open	LOCALE	open	name-not-secret	held
open	LOCALE	open	name-not-secret	held
open	LANG	open	name-not-secret	held
open	LANG	open	name-not-secret	held
open	LANG	open	name-not-secret	held
open	LANG	open	name-not-secret	held
open	DEFAULT_CURRENCY	open	name-not-secret	held
open	DEFAULT_CURRENCY	open	name-not-secret	held
open	DEFAULT_CURRENCY	open	name-not-secret	held
open	DEFAULT_CURRENCY	open	name-not-secret	held
open	LOG_PATH	open	name-not-secret	held
open	LOG_PATH	open	name-not-secret	held
open	LOG_PATH	open	name-not-secret	held
open	LOG_PATH	open	name-not-secret	held
open	DATA_DIR	open	name-not-secret	held
open	DATA_DIR	open	name-not-secret	held
open	DATA_DIR	open	name-not-secret	held
open	DATA_DIR	open	name-not-secret	held
open	UPLOAD_FOLDER	open	name-not-secret	held
open	UPLOAD_FOLDER	open	name-not-secret	held
open	UPLOAD_FOLDER	open	name-not-secret	held
open	UPLOAD_FOLDER	open	name-not-secret	held
open	CONFIG_FILE	open	name-not-secret	held
open	CONFIG_FILE	open	name-not-secret	held
open	CONFIG_FILE	open	name-not-secret	held
open	CONFIG_FILE	open	name-not-secret	held
open	DB_PASSWORD_FILE	open	name-not-secret	held
open	DB_PASSWORD_FILE	open	name-not-secret	held
open	DB_PASSWORD_FILE	open	name-not-secret	held
open	DB_PASSWORD_FILE	open	name-not-secret	held
open	TLS_CERT_PATH	open	name-not-secret	held
open	TLS_CERT_PATH	open	name-not-secret	held
open	TLS_CERT_PATH	open	name-not-secret	held
open	TLS_CERT_PATH	open	name-not-secret	held
open	SSH_KEY_PATH	open	name-not-secret	held
open	SSH_KEY_PATH	open	name-not-secret	held
open	SSH_KEY_PATH	open	name-not-secret	held
open	SSH_KEY_PATH	open	name-not-secret	held
open	DB_HOST	open	name-not-secret	held
open	DB_HOST	open	name-not-secret	held
open	DB_HOST	open	name-not-secret	held
open	DB_HOST	open	name-not-secret	held
open	REDIS_HOST	open	name-not-secret	held
open	REDIS_HOST	open	name-not-secret	held
open	REDIS_HOST	open	name-not-secret	held
open	REDIS_HOST	open	name-not-secret	held
open	API_HOSTNAME	open	name-not-secret	held
open	API_HOSTNAME	open	name-not-secret	held
open	API_HOSTNAME	open	name-not-secret	held
open	API_HOSTNAME	open	name-not-secret	held
open	APP_DOMAIN	open	name-not-secret	held
open	APP_DOMAIN	open	name-not-secret	held
open	APP_DOMAIN	open	name-not-secret	held
open	APP_DOMAIN	open	name-not-secret	held
open	API_BASE_URL	open	name-not-secret	held
open	API_BASE_URL	open	name-not-secret	held
open	API_BASE_URL	open	name-not-secret	held
open	API_BASE_URL	open	name-not-secret	held
open	CALLBACK_URL	open	name-not-secret	held
open	CALLBACK_URL	open	name-not-secret	held
open	CALLBACK_URL	open	name-not-secret	held
open	CALLBACK_URL	open	name-not-secret	held
open	HEALTHCHECK_ENDPOINT	open	default-open	held
open	HEALTHCHECK_ENDPOINT	open	default-open	held
open	HEALTHCHECK_ENDPOINT	open	default-open	held
open	HEALTHCHECK_ENDPOINT	open	default-open	held
open	S3_BUCKET	open	name-not-secret	held
open	S3_BUCKET	open	name-not-secret	held
open	S3_BUCKET	open	name-not-secret	held
open	S3_BUCKET	open	name-not-secret	held
open	KAFKA_TOPIC	open	name-not-secret	held
open	KAFKA_TOPIC	open	name-not-secret	held
open	KAFKA_TOPIC	open	name-not-secret	held
open	KAFKA_TOPIC	open	name-not-secret	held
open	QUEUE_NAME	open	name-not-secret	held
open	QUEUE_NAME	open	name-not-secret	held
open	QUEUE_NAME	open	name-not-secret	held
open	QUEUE_NAME	open	name-not-secret	held
open	K8S_NAMESPACE	open	name-not-secret	held
open	K8S_NAMESPACE	open	name-not-secret	held
open	K8S_NAMESPACE	open	name-not-secret	held
open	K8S_NAMESPACE	open	name-not-secret	held
open	DB_DRIVER	open	name-not-secret	held
open	DB_DRIVER	open	name-not-secret	held
open	DB_DRIVER	open	name-not-secret	held
open	DB_DRIVER	open	name-not-secret	held
open	CACHE_PROVIDER	open	name-not-secret	held
open	CACHE_PROVIDER	open	name-not-secret	held
open	CACHE_PROVIDER	open	name-not-secret	held
open	CACHE_PROVIDER	open	name-not-secret	held
open	MAIL_TRANSPORT	open	default-open	held
open	MAIL_TRANSPORT	open	default-open	held
open	MAIL_TRANSPORT	open	default-open	held
open	MAIL_TRANSPORT	open	default-open	held
open	STORAGE_ADAPTER	open	name-not-secret	held
open	STORAGE_ADAPTER	open	name-not-secret	held
open	STORAGE_ADAPTER	open	name-not-secret	held
open	STORAGE_ADAPTER	open	name-not-secret	held
open	AUTH_STRATEGY	open	name-not-secret	held
open	AUTH_STRATEGY	open	name-not-secret	held
open	AUTH_STRATEGY	open	name-not-secret	held
open	AUTH_STRATEGY	open	name-not-secret	held
open	JWT_ALGORITHM	open	name-not-secret	held
open	JWT_ALGORITHM	open	name-not-secret	held
open	JWT_ALGORITHM	open	name-not-secret	held
open	JWT_ALGORITHM	open	name-not-secret	held
open	HASH_ALGO	open	name-not-secret	held
open	HASH_ALGO	open	name-not-secret	held
open	HASH_ALGO	open	name-not-secret	held
open	HASH_ALGO	open	name-not-secret	held
open	TOKEN_TYPE	open	name-not-secret	held
open	TOKEN_TYPE	open	name-not-secret	held
open	TOKEN_TYPE	open	name-not-secret	held
open	TOKEN_TYPE	open	name-not-secret	held
open	CONTENT_TYPE	open	name-not-secret	held
open	CONTENT_TYPE	open	name-not-secret	held
open	CONTENT_TYPE	open	name-not-secret	held
open	CONTENT_TYPE	open	name-not-secret	held
open	AUTH_HEADER_NAME	open	name-not-secret	held
open	AUTH_HEADER_NAME	open	name-not-secret	held
open	AUTH_HEADER_NAME	open	name-not-secret	held
open	AUTH_HEADER_NAME	open	name-not-secret	held
open	CACHE_KEY_PREFIX	open	name-not-secret	held
open	CACHE_KEY_PREFIX	open	name-not-secret	held
open	CACHE_KEY_PREFIX	open	name-not-secret	held
open	CACHE_KEY_PREFIX	open	name-not-secret	held
open	TABLE_PREFIX	open	name-not-secret	held
open	TABLE_PREFIX	open	name-not-secret	held
open	TABLE_PREFIX	open	name-not-secret	held
open	TABLE_PREFIX	open	name-not-secret	held
open	FILE_SUFFIX	open	name-not-secret	held
open	FILE_SUFFIX	open	name-not-secret	held
open	FILE_SUFFIX	open	name-not-secret	held
open	FILE_SUFFIX	open	name-not-secret	held
open	JWT_ISSUER	open	name-not-secret	held
open	JWT_ISSUER	open	name-not-secret	held
open	JWT_ISSUER	open	name-not-secret	held
open	JWT_ISSUER	open	name-not-secret	held
open	JWT_AUDIENCE	open	name-not-secret	held
open	JWT_AUDIENCE	open	name-not-secret	held
open	JWT_AUDIENCE	open	name-not-secret	held
open	JWT_AUDIENCE	open	name-not-secret	held
open	DB_USER	open	name-not-secret	held
open	DB_USER	open	name-not-secret	held
open	DB_USER	open	name-not-secret	held
open	DB_USER	open	name-not-secret	held
open	DB_USERNAME	open	name-not-secret	held
open	DB_USERNAME	open	name-not-secret	held
open	DB_USERNAME	open	name-not-secret	held
open	DB_USERNAME	open	name-not-secret	held
open	SMTP_USER	open	name-not-secret	held
open	SMTP_USER	open	name-not-secret	held
open	SMTP_USER	open	name-not-secret	held
open	SMTP_USER	open	name-not-secret	held
open	AWS_ACCESS_KEY_ID_NAME	veiled	name-secret	false-veil
open	AWS_ACCESS_KEY_ID_NAME	veiled	name-secret	false-veil
open	AWS_ACCESS_KEY_ID_NAME	veiled	name-secret	false-veil
open	AWS_ACCESS_KEY_ID_NAME	veiled	name-secret	false-veil
open	SERVICE_NAME	open	name-not-secret	held
open	SERVICE_NAME	open	name-not-secret	held
open	SERVICE_NAME	open	name-not-secret	held
open	SERVICE_NAME	open	name-not-secret	held
open	APP_NAME	open	name-not-secret	held
open	APP_NAME	open	name-not-secret	held
open	APP_NAME	open	name-not-secret	held
open	APP_NAME	open	name-not-secret	held
open	CLIENT_ID	open	name-not-secret	held
open	CLIENT_ID	open	name-not-secret	held
open	CLIENT_ID	open	name-not-secret	held
open	CLIENT_ID	open	name-not-secret	held
open	TENANT_ID	open	name-not-secret	held
open	TENANT_ID	open	name-not-secret	held
open	TENANT_ID	open	name-not-secret	held
open	TENANT_ID	open	name-not-secret	held
open	PROJECT_ID	open	name-not-secret	held
open	PROJECT_ID	open	name-not-secret	held
open	PROJECT_ID	open	name-not-secret	held
open	PROJECT_ID	open	name-not-secret	held
open	GIT_COMMIT_SHA	open	name-not-secret	held
open	GIT_COMMIT_SHA	open	name-not-secret	held
open	GIT_COMMIT_SHA	open	name-not-secret	held
open	GIT_COMMIT_SHA	open	name-not-secret	held
open	GIT_BRANCH	open	default-open	held
open	GIT_BRANCH	open	default-open	held
open	GIT_BRANCH	open	default-open	held
open	GIT_BRANCH	open	default-open	held
open	BUILD_REVISION	open	name-not-secret	held
open	BUILD_REVISION	open	name-not-secret	held
open	BUILD_REVISION	open	name-not-secret	held
open	BUILD_REVISION	open	name-not-secret	held
open	ASSET_CHECKSUM	open	name-not-secret	held
open	ASSET_CHECKSUM	open	name-not-secret	held
open	ASSET_CHECKSUM	open	name-not-secret	held
open	ASSET_CHECKSUM	open	name-not-secret	held
open	NEXT_TELEMETRY_DISABLED	open	name-not-secret	held
open	NEXT_TELEMETRY_DISABLED	open	name-not-secret	held
open	NEXT_TELEMETRY_DISABLED	open	name-not-secret	held
open	NEXT_TELEMETRY_DISABLED	open	name-not-secret	held
open	CI	open	default-open	held
open	CI	open	default-open	held
open	CI	open	default-open	held
open	CI	open	default-open	held
open	COLOR_SCHEME	open	name-not-secret	held
open	COLOR_SCHEME	open	name-not-secret	held
open	COLOR_SCHEME	open	name-not-secret	held
open	COLOR_SCHEME	open	name-not-secret	held
open	UI_THEME	open	name-not-secret	held
open	UI_THEME	open	name-not-secret	held
open	UI_THEME	open	name-not-secret	held
open	UI_THEME	open	name-not-secret	held
open	FEATURE_FLAG_MODE	open	name-not-secret	held
open	FEATURE_FLAG_MODE	open	name-not-secret	held
open	FEATURE_FLAG_MODE	open	name-not-secret	held
open	FEATURE_FLAG_MODE	open	name-not-secret	held
open	SORT_ORDER	open	default-open	held
open	SORT_ORDER	open	default-open	held
open	SORT_ORDER	open	default-open	held
open	SORT_ORDER	open	default-open	held
open	DEFAULT_ROLE	open	default-open	held
open	DEFAULT_ROLE	open	default-open	held
open	DEFAULT_ROLE	open	default-open	held
open	DEFAULT_ROLE	open	default-open	held
open	HTTP_PROTOCOL	open	name-not-secret	held
open	HTTP_PROTOCOL	open	name-not-secret	held
open	HTTP_PROTOCOL	open	name-not-secret	held
open	HTTP_PROTOCOL	open	name-not-secret	held
open	REQUEST_METHOD	open	name-not-secret	held
open	REQUEST_METHOD	open	name-not-secret	held
open	REQUEST_METHOD	open	name-not-secret	held
open	REQUEST_METHOD	open	name-not-secret	held
open	OUTPUT_FORMAT	open	name-not-secret	held
open	OUTPUT_FORMAT	open	name-not-secret	held
open	OUTPUT_FORMAT	open	name-not-secret	held
open	OUTPUT_FORMAT	open	name-not-secret	held
open	PRICE_TIER	open	name-not-secret	held
open	PRICE_TIER	open	name-not-secret	held
open	PRICE_TIER	open	name-not-secret	held
open	PRICE_TIER	open	name-not-secret	held
open	DEPLOY_STAGE	open	name-not-secret	held
open	DEPLOY_STAGE	open	name-not-secret	held
open	DEPLOY_STAGE	open	name-not-secret	held
open	DEPLOY_STAGE	open	name-not-secret	held
open	NEXT_PUBLIC_SITE_URL	open	public-prefix	held
open	NEXT_PUBLIC_API_URL	open	public-prefix	held
open	NEXT_PUBLIC_SENTRY_DSN_PUBLIC	open	public-prefix	held
open	NEXT_PUBLIC_GA_ID	open	public-prefix	held
open	NEXT_PUBLIC_POSTHOG_HOST	open	public-prefix	held
open	NEXT_PUBLIC_APP_NAME	open	public-prefix	held
open	NEXT_PUBLIC_SUPPORT_EMAIL	open	public-prefix	held
open	NEXT_PUBLIC_MAPS_REGION	open	public-prefix	held
open	EXPO_PUBLIC_SITE_URL	open	public-prefix	held
open	EXPO_PUBLIC_API_URL	open	public-prefix	held
open	EXPO_PUBLIC_SENTRY_DSN_PUBLIC	open	public-prefix	held
open	EXPO_PUBLIC_GA_ID	open	public-prefix	held
open	EXPO_PUBLIC_POSTHOG_HOST	open	public-prefix	held
open	EXPO_PUBLIC_APP_NAME	open	public-prefix	held
open	EXPO_PUBLIC_SUPPORT_EMAIL	open	public-prefix	held
open	EXPO_PUBLIC_MAPS_REGION	open	public-prefix	held
open	VITE_SITE_URL	open	public-prefix	held
open	VITE_API_URL	open	public-prefix	held
open	VITE_SENTRY_DSN_PUBLIC	open	public-prefix	held
open	VITE_GA_ID	open	public-prefix	held
open	VITE_POSTHOG_HOST	open	public-prefix	held
open	VITE_APP_NAME	open	public-prefix	held
open	VITE_SUPPORT_EMAIL	open	public-prefix	held
open	VITE_MAPS_REGION	open	public-prefix	held
open	REACT_APP_SITE_URL	open	public-prefix	held
open	REACT_APP_API_URL	open	public-prefix	held
open	REACT_APP_SENTRY_DSN_PUBLIC	open	public-prefix	held
open	REACT_APP_GA_ID	open	public-prefix	held
open	REACT_APP_POSTHOG_HOST	open	public-prefix	held
open	REACT_APP_APP_NAME	open	public-prefix	held
open	REACT_APP_SUPPORT_EMAIL	open	public-prefix	held
open	REACT_APP_MAPS_REGION	open	public-prefix	held
open	PUBLIC_SITE_URL	open	public-prefix	held
open	PUBLIC_API_URL	open	public-prefix	held
open	PUBLIC_SENTRY_DSN_PUBLIC	open	public-prefix	held
open	PUBLIC_GA_ID	open	public-prefix	held
open	PUBLIC_POSTHOG_HOST	open	public-prefix	held
open	PUBLIC_APP_NAME	open	public-prefix	held
open	PUBLIC_SUPPORT_EMAIL	open	public-prefix	held
open	PUBLIC_MAPS_REGION	open	public-prefix	held
open	NUXT_PUBLIC_SITE_URL	open	public-prefix	held
open	NUXT_PUBLIC_API_URL	open	public-prefix	held
open	NUXT_PUBLIC_SENTRY_DSN_PUBLIC	open	public-prefix	held
open	NUXT_PUBLIC_GA_ID	open	public-prefix	held
open	NUXT_PUBLIC_POSTHOG_HOST	open	public-prefix	held
open	NUXT_PUBLIC_APP_NAME	open	public-prefix	held
open	NUXT_PUBLIC_SUPPORT_EMAIL	open	public-prefix	held
open	NUXT_PUBLIC_MAPS_REGION	open	public-prefix	held
open	GATSBY_SITE_URL	open	public-prefix	held
open	GATSBY_API_URL	open	public-prefix	held
open	GATSBY_SENTRY_DSN_PUBLIC	open	public-prefix	held
open	GATSBY_GA_ID	open	public-prefix	held
open	GATSBY_POSTHOG_HOST	open	public-prefix	held
open	GATSBY_APP_NAME	open	public-prefix	held
open	GATSBY_SUPPORT_EMAIL	open	public-prefix	held
open	GATSBY_MAPS_REGION	open	public-prefix	held
open	WELCOME_MESSAGE	open	default-open	held
open	COMPANY_LEGAL_NAME	open	name-not-secret	held
open	SUPPORT_ADDRESS	open	default-open	held
open	BANNER_TEXT	open	default-open	held
open	LONG_PRODUCT_IDENTIFIER	open	name-not-secret	held
open	APPLICATION_TITLE	open	name-not-secret	held
open	ORGANISATION_LABEL	open	name-not-secret	held
open	REPEATED_MARKER	open	default-open	held
open	PADDING_VALUE	open	default-open	held
open	COUNTER_SEQUENCE	open	default-open	held
open	CSV_COLUMNS	open	default-open	held
open	CRON_SCHEDULE	open	default-open	held
open	USER_AGENT	open	name-not-secret	held
open	ALLOWED_ORIGINS	open	default-open	held
open	CORS_METHODS	open	default-open	held
open	IP_ALLOWLIST	open	default-open	held
open	NOTIFICATION_EMAILS	open	default-open	held
open	DOCKER_IMAGE	open	default-open	held
open	HELM_CHART	open	default-open	held
open	REPORTING_DB_URL	open	name-not-secret	held
open	CACHE_REDIS_URL	open	name-not-secret	held
open	BROKER_AMQP_URL	open	name-not-secret	held
open	OTEL_EXPORTER_ENDPOINT	open	name-not-secret	held
open	PROMETHEUS_SCRAPE_PATH	open	name-not-secret	held
open	STATIC_ASSET_PREFIX	open	name-not-secret	held
